// Jest Snapshot v1, https://goo.gl/fbAQLP

exports[`Form should match the snapshot 1`] = `
<section>
  <input
    className="name-input"
    name="name"
    onChange={[Function]}
    placeholder="Name"
    value=""
  />
  <input
    name="date"
    onChange={[Function]}
    placeholder="Date"
    value=""
  />
  <input
    name="time"
    onChange={[Function]}
    placeholder="time"
    value=""
  />
  <input
    name="number"
    onChange={[Function]}
    placeholder="Number of Guests"
    type="number"
    value={1}
  />
  <button
    onClick={[Function]}
  >
    Submit, why dontcha?
  </button>
</section>
`;
